// Jest Snapshot v1, https://goo.gl/fbAQLP

exports[`Filters component should match the stored snapshot 1`] = `
.c9 {
  display: -webkit-box;
  display: -webkit-flex;
  display: -ms-flexbox;
  display: flex;
  box-sizing: border-box;
  outline: none;
  max-width: 100%;
  margin: 0px;
  -webkit-align-items: center;
  -webkit-box-align: center;
  -ms-flex-align: center;
  align-items: center;
  min-width: 0;
  min-height: 0;
  -webkit-flex-direction: row;
  -ms-flex-direction: row;
  flex-direction: row;
  -webkit-box-pack: center;
  -webkit-justify-content: center;
  -ms-flex-pack: center;
  justify-content: center;
  padding: 0px;
}

.c10 {
  -webkit-flex: 0 0 auto;
  -ms-flex: 0 0 auto;
  flex: 0 0 auto;
  width: 8px;
}

.c6 {
  display: inline-block;
  box-sizing: border-box;
  cursor: pointer;
  outline: none;
  font: inherit;
  -webkit-text-decoration: none;
  text-decoration: none;
  margin: 0;
  background: transparent;
  overflow: visible;
  text-transform: none;
  border: 1px solid #00AEEF;
  border-radius: 20px;
  color: #444444;
  padding: 4px 30px;
  font-size: 14px;
  line-height: 1.5;
  background: #00AEEF;
  color: #444444;
  border-radius: 20px;
  -webkit-transition-property: color, background-color, border-color, box-shadow;
  transition-property: color, background-color, border-color, box-shadow;
  -webkit-transition-duration: 0.1s;
  transition-duration: 0.1s;
  -webkit-transition-timing-function: ease-in-out;
  transition-timing-function: ease-in-out;
}

.c6:hover {
  box-shadow: 0px 0px 0px 2px #00AEEF;
}

.c15 {
  display: inline-block;
  box-sizing: border-box;
  cursor: pointer;
  outline: none;
  font: inherit;
  -webkit-text-decoration: none;
  text-decoration: none;
  margin: 0;
  background: transparent;
  overflow: visible;
  text-transform: none;
  border: 1px solid #DDE1f0;
  border-radius: 20px;
  color: #444444;
  padding: 4px 30px;
  font-size: 14px;
  line-height: 1.5;
  -webkit-transition-property: color, background-color, border-color, box-shadow;
  transition-property: color, background-color, border-color, box-shadow;
  -webkit-transition-duration: 0.1s;
  transition-duration: 0.1s;
  -webkit-transition-timing-function: ease-in-out;
  transition-timing-function: ease-in-out;
}

.c15:hover {
  box-shadow: 0px 0px 0px 2px #DDE1f0;
}

.c0 {
  font-family: 'Nunito',Arial,sans-serif;
  font-size: 14px;
  line-height: 1.5;
  box-sizing: border-box;
  -webkit-text-size-adjust: 100%;
  -ms-text-size-adjust: 100%;
  -moz-osx-font-smoothing: grayscale;
  -webkit-font-smoothing: antialiased;
}

.c7 {
  font-family: CircularStd,Arial,sans-serif;
  font-weight: 500;
  font-size: 14px;
  height: 38px;
  white-space: nowrap;
  display: -webkit-inline-box;
  display: -webkit-inline-flex;
  display: -ms-inline-flexbox;
  display: inline-flex;
  -webkit-align-items: center;
  -webkit-box-align: center;
  -ms-flex-align: center;
  align-items: center;
  -webkit-box-pack: center;
  -webkit-justify-content: center;
  -ms-flex-pack: center;
  justify-content: center;
}

.c7 svg {
  color: inherit !important;
  font-size: 0.925em;
}

.c7:disabled {
  cursor: not-allowed;
}

.c7 {
  color: white;
}

.c7:hover:enabled,
.c7:focus:enabled,
.c7:active:enabled {
  box-shadow: none;
  background: hsl(196.29999999999995,100%,37.5%);
  border-color: hsl(196.29999999999995,100%,37.5%);
  color: white;
  opacity: undefined;
}

.c7:hover:enabled svg,
.c7:focus:enabled svg,
.c7:active:enabled svg {
  color: white !important;
}

.c16 {
  font-family: CircularStd,Arial,sans-serif;
  font-weight: 500;
  font-size: 14px;
  height: 38px;
  white-space: nowrap;
  display: -webkit-inline-box;
  display: -webkit-inline-flex;
  display: -ms-inline-flexbox;
  display: inline-flex;
  -webkit-align-items: center;
  -webkit-box-align: center;
  -ms-flex-align: center;
  align-items: center;
  -webkit-box-pack: center;
  -webkit-justify-content: center;
  -ms-flex-pack: center;
  justify-content: center;
}

.c16 svg {
  color: inherit !important;
  font-size: 0.925em;
}

.c16:disabled {
  cursor: not-allowed;
}

.c16 {
  color: #3c3e42;
  border-color: #DDE1f0;
}

.c16 svg {
  color: #527699 !important;
}

.c16:hover:enabled,
.c16:focus:enabled,
.c16:active:enabled {
  box-shadow: none;
  background: #DDE1f0;
  border-color: #DDE1f0;
  color: #3c3e42;
  opacity: undefined;
}

.c16:hover:enabled svg,
.c16:focus:enabled svg,
.c16:active:enabled svg {
  color: #3c3e42 !important;
}

.c8 {
  margin-right: 30px;
}

.c2 {
  box-sizing: border-box;
}

.c3 {
  margin-bottom: 16px;
}

.c19 {
  margin-right: 8px;
}

.c5 {
  display: -webkit-box;
  display: -webkit-flex;
  display: -ms-flexbox;
  display: flex;
  -webkit-box-pack: justify;
  -webkit-justify-content: space-between;
  -ms-flex-pack: justify;
  justify-content: space-between;
}

.c18 {
  display: -webkit-box;
  display: -webkit-flex;
  display: -ms-flexbox;
  display: flex;
  -webkit-align-items: center;
  -webkit-box-align: center;
  -ms-flex-align: center;
  align-items: center;
  -webkit-box-pack: justify;
  -webkit-justify-content: space-between;
  -ms-flex-pack: justify;
  justify-content: space-between;
}

.c12 {
  position: relative;
  width: 100%;
  border-bottom: 1px solid #DDE1f0;
  padding-left: 24px;
  padding-top: 4px;
}

.c12 .search-icon {
  color: #bbc8d6;
  position: absolute;
  top: 50%;
  left: 8px;
  -webkit-transform: translateY(-50%);
  -ms-transform: translateY(-50%);
  transform: translateY(-50%);
}

.c12 input {
  outline: none;
  background: transparent;
  box-shadow: none;
  border: none;
  width: 100%;
  font-size: inherit;
  padding: 4px;
  height: auto;
}

.c12 input:hover {
  box-shadow: none;
}

.c12 input::-webkit-input-placeholder {
  color: #bbc8d6;
  font-weight: 300;
}

.c12 input::-moz-placeholder {
  color: #bbc8d6;
  font-weight: 300;
}

.c12 input:-ms-input-placeholder {
  color: #bbc8d6;
  font-weight: 300;
}

.c12 input::placeholder {
  color: #bbc8d6;
  font-weight: 300;
}

.c13 {
  display: inline-block;
  border-radius: 3px;
  vertical-align: top;
  position: relative;
}

.c17 {
  margin: 0;
  width: 100%;
}

.c14 {
  margin-left: 30px;
}

.c11 {
  -webkit-flex-basis: 500px;
  -ms-flex-preferred-size: 500px;
  flex-basis: 500px;
}

.c4 {
  position: relative;
}

.c1 {
  font-family: 'Nunito',Arial,sans-serif;
  font-size: 14px;
}

.c1 h1,
.c1 h2,
.c1 h3,
.c1 h4,
.c1 h5,
.c1 h6,
.c1 button {
  font-family: CircularStd,Arial,sans-serif;
}

@media only screen and (max-width:768px) {
  .c9 {
    margin: 0px;
  }
}

@media only screen and (max-width:768px) {
  .c9 {
    padding: 0px;
  }
}

<div
  className="c0 c1"
>
  <div
    className="c2 c3 c4"
  >
    <div
      className="c2 c5"
    >
      <button
        className="c6 c7 c8"
        onBlur={[Function]}
        onClick={[Function]}
        onFocus={[Function]}
        onMouseOut={[Function]}
        onMouseOver={[Function]}
        type="button"
      >
        <div
          className="c9"
        >
          <svg
            fill="currentColor"
            height="1em"
            preserveAspectRatio="xMidYMid meet"
            style={
              Object {
                "color": "#444444",
                "verticalAlign": "middle",
              }
            }
            viewBox="0 0 40 40"
            width="1em"
          >
            <g>
              <path
                d="m35.8 6.6q0.4 0.9-0.3 1.5l-11 11.1v16.5q0 1-0.9 1.3-0.3 0.1-0.5 0.1-0.6 0-1-0.4l-5.7-5.7q-0.5-0.4-0.5-1v-10.8l-11-11q-0.7-0.7-0.3-1.6 0.4-0.9 1.3-0.9h28.6q0.9 0 1.3 0.9z"
              />
            </g>
          </svg>
          <div
            className="c10"
          />
          Add filter
        </div>
      </button>
      <div
        className="c11"
      >
        <div
          className="c12 "
        >
          <input
            onChange={[Function]}
            placeholder="Search entries..."
            style={
              Object {
                "color": undefined,
              }
            }
            value=""
          />
          <svg
            className="search-icon"
            fill="currentColor"
            height="1em"
            name="search"
            preserveAspectRatio="xMidYMid meet"
            style={
              Object {
                "color": undefined,
                "verticalAlign": "middle",
              }
            }
            viewBox="0 0 40 40"
            width="1em"
          >
            <g>
              <path
                d="m27.2 18.6q0-4.2-2.9-7.1t-7.1-2.9-7 2.9-3 7.1 2.9 7 7.1 3 7.1-3 2.9-7z m11.4 18.5q0 1.2-0.8 2.1t-2 0.8q-1.2 0-2-0.8l-7.7-7.7q-4 2.8-8.9 2.8-3.2 0-6.1-1.3t-5-3.3-3.4-5-1.2-6.1 1.2-6.1 3.4-5.1 5-3.3 6.1-1.2 6.1 1.2 5 3.3 3.4 5.1 1.2 6.1q0 4.9-2.7 8.9l7.6 7.6q0.8 0.9 0.8 2z"
              />
            </g>
          </svg>
        </div>
      </div>
      <div
        className=""
      >
        <div
          className="c2 c13 c14"
        >
          <button
            className="c15 c16 c17"
            onBlur={[Function]}
            onClick={[Function]}
            onFocus={[Function]}
            onMouseOut={[Function]}
            onMouseOver={[Function]}
            type="button"
          >
            <div
              className="c9"
            >
              <svg
                fill="currentColor"
                height="1em"
                preserveAspectRatio="xMidYMid meet"
                style={
                  Object {
                    "color": undefined,
                    "verticalAlign": "middle",
                  }
                }
                viewBox="0 0 40 40"
                width="1em"
              >
                <g>
                  <path
                    d="m17.6 19.9l12.2 12.2q-2.3 2.4-5.5 3.7t-6.7 1.3q-4.6 0-8.6-2.3t-6.2-6.2-2.3-8.6 2.3-8.6 6.2-6.2 8.6-2.3v17z m4.2 0.1h17.3q0 3.5-1.4 6.7t-3.7 5.5z m15.8-2.9h-17.1v-17.1q4.7 0 8.6 2.3t6.2 6.2 2.3 8.6z"
                  />
                </g>
              </svg>
              <div
                className="c10"
              />
              <div
                className="c2 c18"
              >
                <div
                  className="c2 c19"
                >
                  Views
                </div>
                <svg
                  fill="currentColor"
                  height="1em"
                  preserveAspectRatio="xMidYMid meet"
                  style={
                    Object {
                      "color": undefined,
                      "verticalAlign": "middle",
                    }
                  }
                  viewBox="0 0 40 40"
                  width="1em"
                >
                  <g>
                    <path
                      d="m37.6 18l-16.6 16.6q-0.4 0.4-1 0.4t-1-0.4l-16.6-16.6q-0.4-0.4-0.4-1t0.4-1l3.7-3.7q0.5-0.4 1-0.4t1 0.4l11.9 11.9 11.9-11.9q0.4-0.4 1-0.4t1 0.4l3.7 3.7q0.4 0.4 0.4 1t-0.4 1z"
                    />
                  </g>
                </svg>
              </div>
            </div>
          </button>
        </div>
      </div>
    </div>
  </div>
</div>
`;
